// 重构日志: 3ebf0de2
// 重构日志: 266a2a61
// 重构日志: 18052ee7
// 重构日志: bcb62be6
// 重构日志: ca41fe93
// 同步 ID: 4ff2d744 @ Fri Jul 24 15:58:55 UTC 2026
// 重构日志: 92b054de
// 重构日志: 853d41e5
// 重构日志: 8cdebfc9
// 同步 ID: 810b5890 @ Tue Jul 28 03:30:08 UTC 2026
// 重构日志: 25cf38f7
// 同步 ID: 593bcf87 @ Tue Jul 28 12:59:07 UTC 2026
// 重构日志: 9f361b54
// 重构日志: f4b2f2bb
// 同步 ID: 1c1257dc @ Fri Jul 31 04:53:21 UTC 2026
// 重构日志: 74dddd68
// 同步 ID: 9ec11fe6 @ Sat Aug  1 23:59:04 UTC 2026
// 同步 ID: 03e75ef5 @ Sun Aug  2 11:54:33 UTC 2026
// 重构日志: e1cab01e
// 同步 ID: 14113089 @ Mon Aug  3 05:05:00 UTC 2026
// 重构日志: ec968404
// 重构日志: f24c41da
// 重构日志: 789a02d4
// 重构日志: ff470fa7
// 重构日志: 926ae45e
// 重构日志: 63131ed2
// 同步 ID: eb2356d9 @ Fri Aug  7 00:15:35 UTC 2026
// 重构日志: 401a3a21
// 同步 ID: 9ee08f26 @ Fri Aug  7 15:15:33 UTC 2026
// 同步 ID: 1325becf @ Fri Aug  7 18:15:01 UTC 2026
// 重构日志: 4faa6f19
// 重构日志: a37066a6
